(TranslationUnit (SymbolTable 1 {_lpython_main_program: (Subroutine (SymbolTable 4 {}) _lpython_main_program [] [(SubroutineCall 1 loop_vec () [] ())] Source Public Implementation () .false. .false.), loop_vec: (Subroutine (SymbolTable 2 {a: (Variable 2 a Local () () Default (Real 8 [((IntegerConstant 0 (Integer 4 [])) (IntegerBinOp (IntegerBinOp (IntegerBinOp (IntegerConstant 9216 (Integer 4 [])) Sub (IntegerConstant 1 (Integer 4 [])) (Integer 4 []) (IntegerConstant 9215 (Integer 4 []))) Sub (IntegerConstant 0 (Integer 4 [])) (Integer 4 []) ()) Add (IntegerConstant 1 (Integer 4 [])) (Integer 4 []) (IntegerConstant 9216 (Integer 4 []))))]) Source Public Required .false.), b: (Variable 2 b Local () () Default (Real 8 [((IntegerConstant 0 (Integer 4 [])) (IntegerBinOp (IntegerBinOp (IntegerBinOp (IntegerConstant 9216 (Integer 4 [])) Sub (IntegerConstant 1 (Integer 4 [])) (Integer 4 []) (IntegerConstant 9215 (Integer 4 []))) Sub (IntegerConstant 0 (Integer 4 [])) (Integer 4 []) ()) Add (IntegerConstant 1 (Integer 4 [])) (Integer 4 []) (IntegerConstant 9216 (Integer 4 []))))]) Source Public Required .false.), i: (Variable 2 i Local () () Default (Integer 4 []) Source Public Required .false.)}) loop_vec [] [(DoLoop ((Var 2 i) (IntegerConstant 0 (Integer 4 [])) (IntegerBinOp (IntegerConstant 9216 (Integer 4 [])) Sub (IntegerConstant 1 (Integer 4 [])) (Integer 4 []) (IntegerConstant 9215 (Integer 4 []))) (IntegerConstant 1 (Integer 4 []))) [(= (ArrayItem (Var 2 b) [(() (Var 2 i) ())] (Real 8 []) ()) (RealConstant   5.00000000000000000e+00 (Real 8 [])) ())]) (DoLoop ((Var 2 i) (IntegerConstant 0 (Integer 4 [])) (IntegerBinOp (IntegerConstant 9216 (Integer 4 [])) Sub (IntegerConstant 1 (Integer 4 [])) (Integer 4 []) (IntegerConstant 9215 (Integer 4 []))) (IntegerConstant 1 (Integer 4 []))) [(= (ArrayItem (Var 2 a) [(() (Var 2 i) ())] (Real 8 []) ()) (ArrayItem (Var 2 b) [(() (Var 2 i) ())] (Real 8 []) ()) ())]) (DoLoop ((Var 2 i) (IntegerConstant 0 (Integer 4 [])) (IntegerBinOp (IntegerConstant 9216 (Integer 4 [])) Sub (IntegerConstant 1 (Integer 4 [])) (Integer 4 []) (IntegerConstant 9215 (Integer 4 []))) (IntegerConstant 1 (Integer 4 []))) [(Assert (RealCompare (ArrayItem (Var 2 a) [(() (Var 2 i) ())] (Real 8 []) ()) Eq (RealConstant   5.00000000000000000e+00 (Real 8 [])) (Logical 4 []) ()) ())])] Source Public Implementation () .false. .false.), main_program: (Program (SymbolTable 3 {}) main_program [] [(SubroutineCall 1 _lpython_main_program () [] ())])}) [])
